Archive member included to satisfy reference by file (symbol)

d:/apps/stm32cubeide_1.11.0/stm32cubeide/plugins/com.st.stm32cube.ide.mcu.externaltools.gnu-tools-for-stm32.10.3-2021.10.win32_1.0.100.202210260954/tools/bin/../lib/gcc/arm-none-eabi/10.3.1/../../../../arm-none-eabi/lib/thumb/v7-m/nofp\libc_nano.a(lib_a-errno.o)
                              ./Core/Src/syscalls.o (__errno)
d:/apps/stm32cubeide_1.11.0/stm32cubeide/plugins/com.st.stm32cube.ide.mcu.externaltools.gnu-tools-for-stm32.10.3-2021.10.win32_1.0.100.202210260954/tools/bin/../lib/gcc/arm-none-eabi/10.3.1/../../../../arm-none-eabi/lib/thumb/v7-m/nofp\libc_nano.a(lib_a-exit.o)
                              d:/apps/stm32cubeide_1.11.0/stm32cubeide/plugins/com.st.stm32cube.ide.mcu.externaltools.gnu-tools-for-stm32.10.3-2021.10.win32_1.0.100.202210260954/tools/bin/../lib/gcc/arm-none-eabi/10.3.1/../../../../arm-none-eabi/lib/thumb/v7-m/nofp/crt0.o (exit)
d:/apps/stm32cubeide_1.11.0/stm32cubeide/plugins/com.st.stm32cube.ide.mcu.externaltools.gnu-tools-for-stm32.10.3-2021.10.win32_1.0.100.202210260954/tools/bin/../lib/gcc/arm-none-eabi/10.3.1/../../../../arm-none-eabi/lib/thumb/v7-m/nofp\libc_nano.a(lib_a-impure.o)
                              d:/apps/stm32cubeide_1.11.0/stm32cubeide/plugins/com.st.stm32cube.ide.mcu.externaltools.gnu-tools-for-stm32.10.3-2021.10.win32_1.0.100.202210260954/tools/bin/../lib/gcc/arm-none-eabi/10.3.1/../../../../arm-none-eabi/lib/thumb/v7-m/nofp\libc_nano.a(lib_a-exit.o) (_global_impure_ptr)
d:/apps/stm32cubeide_1.11.0/stm32cubeide/plugins/com.st.stm32cube.ide.mcu.externaltools.gnu-tools-for-stm32.10.3-2021.10.win32_1.0.100.202210260954/tools/bin/../lib/gcc/arm-none-eabi/10.3.1/../../../../arm-none-eabi/lib/thumb/v7-m/nofp\libc_nano.a(lib_a-init.o)
                              d:/apps/stm32cubeide_1.11.0/stm32cubeide/plugins/com.st.stm32cube.ide.mcu.externaltools.gnu-tools-for-stm32.10.3-2021.10.win32_1.0.100.202210260954/tools/bin/../lib/gcc/arm-none-eabi/10.3.1/../../../../arm-none-eabi/lib/thumb/v7-m/nofp/crt0.o (__libc_init_array)
d:/apps/stm32cubeide_1.11.0/stm32cubeide/plugins/com.st.stm32cube.ide.mcu.externaltools.gnu-tools-for-stm32.10.3-2021.10.win32_1.0.100.202210260954/tools/bin/../lib/gcc/arm-none-eabi/10.3.1/../../../../arm-none-eabi/lib/thumb/v7-m/nofp\libc_nano.a(lib_a-memset.o)
                              d:/apps/stm32cubeide_1.11.0/stm32cubeide/plugins/com.st.stm32cube.ide.mcu.externaltools.gnu-tools-for-stm32.10.3-2021.10.win32_1.0.100.202210260954/tools/bin/../lib/gcc/arm-none-eabi/10.3.1/../../../../arm-none-eabi/lib/thumb/v7-m/nofp/crt0.o (memset)
d:/apps/stm32cubeide_1.11.0/stm32cubeide/plugins/com.st.stm32cube.ide.mcu.externaltools.gnu-tools-for-stm32.10.3-2021.10.win32_1.0.100.202210260954/tools/bin/../lib/gcc/arm-none-eabi/10.3.1/../../../../arm-none-eabi/lib/thumb/v7-m/nofp\libc_nano.a(lib_a-sprintf.o)
                              ./Core/Src/lcd.o (sprintf)
d:/apps/stm32cubeide_1.11.0/stm32cubeide/plugins/com.st.stm32cube.ide.mcu.externaltools.gnu-tools-for-stm32.10.3-2021.10.win32_1.0.100.202210260954/tools/bin/../lib/gcc/arm-none-eabi/10.3.1/../../../../arm-none-eabi/lib/thumb/v7-m/nofp\libc_nano.a(lib_a-nano-svfprintf.o)
                              d:/apps/stm32cubeide_1.11.0/stm32cubeide/plugins/com.st.stm32cube.ide.mcu.externaltools.gnu-tools-for-stm32.10.3-2021.10.win32_1.0.100.202210260954/tools/bin/../lib/gcc/arm-none-eabi/10.3.1/../../../../arm-none-eabi/lib/thumb/v7-m/nofp\libc_nano.a(lib_a-sprintf.o) (_svfprintf_r)
d:/apps/stm32cubeide_1.11.0/stm32cubeide/plugins/com.st.stm32cube.ide.mcu.externaltools.gnu-tools-for-stm32.10.3-2021.10.win32_1.0.100.202210260954/tools/bin/../lib/gcc/arm-none-eabi/10.3.1/../../../../arm-none-eabi/lib/thumb/v7-m/nofp\libc_nano.a(lib_a-nano-vfprintf_i.o)
                              d:/apps/stm32cubeide_1.11.0/stm32cubeide/plugins/com.st.stm32cube.ide.mcu.externaltools.gnu-tools-for-stm32.10.3-2021.10.win32_1.0.100.202210260954/tools/bin/../lib/gcc/arm-none-eabi/10.3.1/../../../../arm-none-eabi/lib/thumb/v7-m/nofp\libc_nano.a(lib_a-nano-svfprintf.o) (_printf_i)
d:/apps/stm32cubeide_1.11.0/stm32cubeide/plugins/com.st.stm32cube.ide.mcu.externaltools.gnu-tools-for-stm32.10.3-2021.10.win32_1.0.100.202210260954/tools/bin/../lib/gcc/arm-none-eabi/10.3.1/../../../../arm-none-eabi/lib/thumb/v7-m/nofp\libc_nano.a(lib_a-memchr-stub.o)
                              d:/apps/stm32cubeide_1.11.0/stm32cubeide/plugins/com.st.stm32cube.ide.mcu.externaltools.gnu-tools-for-stm32.10.3-2021.10.win32_1.0.100.202210260954/tools/bin/../lib/gcc/arm-none-eabi/10.3.1/../../../../arm-none-eabi/lib/thumb/v7-m/nofp\libc_nano.a(lib_a-nano-svfprintf.o) (memchr)
d:/apps/stm32cubeide_1.11.0/stm32cubeide/plugins/com.st.stm32cube.ide.mcu.externaltools.gnu-tools-for-stm32.10.3-2021.10.win32_1.0.100.202210260954/tools/bin/../lib/gcc/arm-none-eabi/10.3.1/../../../../arm-none-eabi/lib/thumb/v7-m/nofp\libc_nano.a(lib_a-memcpy-stub.o)
[...]
Memory Configuration

Name             Origin             Length             Attributes
RAM              0x0000000020000000 0x0000000000005000 xrw
FLASH            0x0000000008000000 0x0000000000020000 xr
*default*        0x0000000000000000 0xffffffffffffffff

Linker script and memory map

LOAD d:/apps/stm32cubeide_1.11.0/stm32cubeide/plugins/com.st.stm32cube.ide.mcu.externaltools.gnu-tools-for-stm32.10.3-2021.10.win32_1.0.100.202210260954/tools/bin/../lib/gcc/arm-none-eabi/10.3.1/thumb/v7-m/nofp/crti.o
LOAD d:/apps/stm32cubeide_1.11.0/stm32cubeide/plugins/com.st.stm32cube.ide.mcu.externaltools.gnu-tools-for-stm32.10.3-2021.10.win32_1.0.100.202210260954/tools/bin/../lib/gcc/arm-none-eabi/10.3.1/thumb/v7-m/nofp/crtbegin.o
LOAD d:/apps/stm32cubeide_1.11.0/stm32cubeide/plugins/com.st.stm32cube.ide.mcu.externaltools.gnu-tools-for-stm32.10.3-2021.10.win32_1.0.100.202210260954/tools/bin/../lib/gcc/arm-none-eabi/10.3.1/../../../../arm-none-eabi/lib/thumb/v7-m/nofp/crt0.o
LOAD ./Core/Src/fsm.o
LOAD ./Core/Src/global.o
LOAD ./Core/Src/lcd.o
LOAD ./Core/Src/led-display.o
LOAD ./Core/Src/main.o
LOAD ./Core/Src/software_timer.o
LOAD ./Core/Src/stm32f1xx_hal_msp.o
LOAD ./Core/Src/stm32f1xx_it.o
LOAD ./Core/Src/syscalls.o
LOAD ./Core/Src/sysmem.o
LOAD ./Core/Src/system_stm32f1xx.o
LOAD ./Core/Startup/startup_stm32f103rbtx.o
LOAD ./Drivers/STM32F1xx_HAL_Driver/Src/stm32f1xx_hal.o
LOAD ./Drivers/STM32F1xx_HAL_Driver/Src/stm32f1xx_hal_cortex.o
LOAD ./Drivers/STM32F1xx_HAL_Driver/Src/stm32f1xx_hal_dma.o
LOAD ./Drivers/STM32F1xx_HAL_Driver/Src/stm32f1xx_hal_exti.o
LOAD ./Drivers/STM32F1xx_HAL_Driver/Src/stm32f1xx_hal_flash.o
LOAD ./Drivers/STM32F1xx_HAL_Driver/Src/stm32f1xx_hal_flash_ex.o
LOAD ./Drivers/STM32F1xx_HAL_Driver/Src/stm32f1xx_hal_gpio.o
LOAD ./Drivers/STM32F1xx_HAL_Driver/Src/stm32f1xx_hal_gpio_ex.o
LOAD ./Drivers/STM32F1xx_HAL_Driver/Src/stm32f1xx_hal_i2c.o
LOAD ./Drivers/STM32F1xx_HAL_Driver/Src/stm32f1xx_hal_pwr.o
LOAD ./Drivers/STM32F1xx_HAL_Driver/Src/stm32f1xx_hal_rcc.o
LOAD ./Drivers/STM32F1xx_HAL_Driver/Src/stm32f1xx_hal_rcc_ex.o
LOAD ./Drivers/STM32F1xx_HAL_Driver/Src/stm32f1xx_hal_tim.o
LOAD ./Drivers/STM32F1xx_HAL_Driver/Src/stm32f1xx_hal_tim_ex.o
START GROUP
LOAD d:/apps/stm32cubeide_1.11.0/stm32cubeide/plugins/com.st.stm32cube.ide.mcu.externaltools.gnu-tools-for-stm32.10.3-2021.10.win32_1.0.100.202210260954/tools/bin/../lib/gcc/arm-none-eabi/10.3.1/../../../../arm-none-eabi/lib/thumb/v7-m/nofp\libc_nano.a
LOAD d:/apps/stm32cubeide_1.11.0/stm32cubeide/plugins/com.st.stm32cube.ide.mcu.externaltools.gnu-tools-for-stm32.10.3-2021.10.win32_1.0.100.202210260954/tools/bin/../lib/gcc/arm-none-eabi/10.3.1/../../../../arm-none-eabi/lib/thumb/v7-m/nofp\libm.a
END GROUP
START GROUP
LOAD d:/apps/stm32cubeide_1.11.0/stm32cubeide/plugins/com.st.stm32cube.ide.mcu.externaltools.gnu-tools-for-stm32.10.3-2021.10.win32_1.0.100.202210260954/tools/bin/../lib/gcc/arm-none-eabi/10.3.1/thumb/v7-m/nofp\libgcc.a
LOAD d:/apps/stm32cubeide_1.11.0/stm32cubeide/plugins/com.st.stm32cube.ide.mcu.externaltools.gnu-tools-for-stm32.10.3-2021.10.win32_1.0.100.202210260954/tools/bin/../lib/gcc/arm-none-eabi/10.3.1/../../../../arm-none-eabi/lib/thumb/v7-m/nofp\libc_nano.a
END GROUP
START GROUP
LOAD d:/apps/stm32cubeide_1.11.0/stm32cubeide/plugins/com.st.stm32cube.ide.mcu.externaltools.gnu-tools-for-stm32.10.3-2021.10.win32_1.0.100.202210260954/tools/bin/../lib/gcc/arm-none-eabi/10.3.1/thumb/v7-m/nofp\libgcc.a
LOAD d:/apps/stm32cubeide_1.11.0/stm32cubeide/plugins/com.st.stm32cube.ide.mcu.externaltools.gnu-tools-for-stm32.10.3-2021.10.win32_1.0.100.202210260954/tools/bin/../lib/gcc/arm-none-eabi/10.3.1/../../../../arm-none-eabi/lib/thumb/v7-m/nofp\libc_nano.a
LOAD d:/apps/stm32cubeide_1.11.0/stm32cubeide/plugins/com.st.stm32cube.ide.mcu.externaltools.gnu-tools-for-stm32.10.3-2021.10.win32_1.0.100.202210260954/tools/bin/../lib/gcc/arm-none-eabi/10.3.1/../../../../arm-none-eabi/lib/thumb/v7-m/nofp\libnosys.a
END GROUP
START GROUP
LOAD d:/apps/stm32cubeide_1.11.0/stm32cubeide/plugins/com.st.stm32cube.ide.mcu.externaltools.gnu-tools-for-stm32.10.3-2021.10.win32_1.0.100.202210260954/tools/bin/../lib/gcc/arm-none-eabi/10.3.1/thumb/v7-m/nofp\libgcc.a
LOAD d:/apps/stm32cubeide_1.11.0/stm32cubeide/plugins/com.st.stm32cube.ide.mcu.externaltools.gnu-tools-for-stm32.10.3-2021.10.win32_1.0.100.202210260954/tools/bin/../lib/gcc/arm-none-eabi/10.3.1/../../../../arm-none-eabi/lib/thumb/v7-m/nofp\libc_nano.a
LOAD d:/apps/stm32cubeide_1.11.0/stm32cubeide/plugins/com.st.stm32cube.ide.mcu.externaltools.gnu-tools-for-stm32.10.3-2021.10.win32_1.0.100.202210260954/tools/bin/../lib/gcc/arm-none-eabi/10.3.1/../../../../arm-none-eabi/lib/thumb/v7-m/nofp\libnosys.a
END GROUP
LOAD d:/apps/stm32cubeide_1.11.0/stm32cubeide/plugins/com.st.stm32cube.ide.mcu.externaltools.gnu-tools-for-stm32.10.3-2021.10.win32_1.0.100.202210260954/tools/bin/../lib/gcc/arm-none-eabi/10.3.1/thumb/v7-m/nofp/crtend.o
LOAD d:/apps/stm32cubeide_1.11.0/stm32cubeide/plugins/com.st.stm32cube.ide.mcu.externaltools.gnu-tools-for-stm32.10.3-2021.10.win32_1.0.100.202210260954/tools/bin/../lib/gcc/arm-none-eabi/10.3.1/thumb/v7-m/nofp/crtn.o
                0x0000000020005000                _estack = (ORIGIN (RAM) + LENGTH (RAM))
                0x0000000000000200                _Min_Heap_Size = 0x200
                0x0000000000000400                _Min_Stack_Size = 0x400

.isr_vector     0x0000000008000000      0x10c
                0x0000000008000000                . = ALIGN (0x4)
 *(.isr_vector)
 .isr_vector    0x0000000008000000      0x10c ./Core/Startup/startup_stm32f103rbtx.o
                0x0000000008000000                g_pfnVectors
                0x000000000800010c                . = ALIGN (0x4)

.text           0x000000000800010c     0x30c0
                0x000000000800010c                . = ALIGN (0x4)
 *(.text)
 .text          0x000000000800010c       0x40 d:/apps/stm32cubeide_1.11.0/stm32cubeide/plugins/com.st.stm32cube.ide.mcu.externaltools.gnu-tools-for-stm32.10.3-2021.10.win32_1.0.100.202210260954/tools/bin/../lib/gcc/arm-none-eabi/10.3.1/thumb/v7-m/nofp/crtbegin.o
 *(.text*)
 .text.fsm      0x000000000800014c       0xd0 ./Core/Src/fsm.o
                0x000000000800014c                fsm
 .text.LCD_Testing
                0x000000000800021c       0x30 ./Core/Src/lcd.o
                0x000000000800021c                LCD_Testing
 .text.FaBoLCD_PCF8574
                0x000000000800024c       0x58 ./Core/Src/lcd.o
                0x000000000800024c                FaBoLCD_PCF8574
 .text.init     0x00000000080002a4       0x18 ./Core/Src/lcd.o
                0x00000000080002a4                init
 .text.begin    0x00000000080002bc       0xd8 ./Core/Src/lcd.o
                0x00000000080002bc                begin
 .text.setRowOffsets
                0x0000000008000394       0x3c ./Core/Src/lcd.o
                0x0000000008000394                setRowOffsets
 .text.clear    0x00000000080003d0       0x14 ./Core/Src/lcd.o
                0x00000000080003d0                clear
 .text.display  0x00000000080003e4       0x2c ./Core/Src/lcd.o
                0x00000000080003e4                display
 .text.command  0x0000000008000410       0x1c ./Core/Src/lcd.o
                0x0000000008000410                command
 .text.send     0x000000000800042c       0x42 ./Core/Src/lcd.o
                0x000000000800042c                send
 .text.pulseEnable
                0x000000000800046e       0x4e ./Core/Src/lcd.o
                0x000000000800046e                pulseEnable
 .text.write4bits
                0x00000000080004bc       0x22 ./Core/Src/lcd.o
                0x00000000080004bc                write4bits
 *fill*         0x00000000080004de        0x2 
 .text.writeI2c
                0x00000000080004e0       0x44 ./Core/Src/lcd.o
                0x00000000080004e0                writeI2c
 .text.Lcd_Initialization
                0x0000000008000524        0xe ./Core/Src/lcd.o
                0x0000000008000524                Lcd_Initialization
 *fill*         0x0000000008000532        0x2 
 .text.latchEnable
                0x0000000008000534       0x18 ./Core/Src/led-display.o
                0x0000000008000534                latchEnable
 .text.latchDisable
                0x000000000800054c       0x18 ./Core/Src/led-display.o
                0x000000000800054c                latchDisable
 .text.outputEnable
                0x0000000008000564       0x18 ./Core/Src/led-display.o
                0x0000000008000564                outputEnable
 .text.clockON  0x000000000800057c       0x70 ./Core/Src/led-display.o
                0x000000000800057c                clockON
 .text.clockOFF
                0x00000000080005ec       0x18 ./Core/Src/led-display.o
                0x00000000080005ec                clockOFF
 .text.dataOUT  0x0000000008000604       0x24 ./Core/Src/led-display.o
                0x0000000008000604                dataOUT
 .text.getBitValue
                0x0000000008000628       0x26 ./Core/Src/led-display.o
                0x0000000008000628                getBitValue
 *fill*         0x000000000800064e        0x2 
 .text.ledDisplay1
                0x0000000008000650       0x4c ./Core/Src/led-display.o
                0x0000000008000650                ledDisplay1
 .text.ledDisplay2
                0x000000000800069c       0x4c ./Core/Src/led-display.o
                0x000000000800069c                ledDisplay2
 .text.ledDisplay3
                0x00000000080006e8       0x4c ./Core/Src/led-display.o
                0x00000000080006e8                ledDisplay3
 .text.ledDisplay4
                0x0000000008000734       0x4c ./Core/Src/led-display.o
                0x0000000008000734                ledDisplay4
 .text.main     0x0000000008000780       0x44 ./Core/Src/main.o
                0x0000000008000780                main
 .text.SystemClock_Config
                0x00000000080007c4       0x76 ./Core/Src/main.o
                0x00000000080007c4                SystemClock_Config
 *fill*         0x000000000800083a        0x2 
 .text.MX_I2C1_Init
                0x000000000800083c       0x5c ./Core/Src/main.o
 .text.MX_TIM3_Init
                0x0000000008000898       0xec ./Core/Src/main.o
 .text.MX_GPIO_Init
                0x0000000008000984      0x178 ./Core/Src/main.o
 .text.HAL_TIM_PeriodElapsedCallback
                0x0000000008000afc       0x14 ./Core/Src/main.o
                0x0000000008000afc                HAL_TIM_PeriodElapsedCallback
 .text.Error_Handler
                0x0000000008000b10        0xa ./Core/Src/main.o
                0x0000000008000b10                Error_Handler
 *fill*         0x0000000008000b1a        0x2 
 .text.setTimer1
                0x0000000008000b1c       0x34 ./Core/Src/software_timer.o
                0x0000000008000b1c                setTimer1
 .text.timer_run
                0x0000000008000b50       0x5c ./Core/Src/software_timer.o
                0x0000000008000b50                timer_run
 .text.HAL_MspInit
                0x0000000008000bac       0x64 ./Core/Src/stm32f1xx_hal_msp.o
                0x0000000008000bac                HAL_MspInit
 .text.HAL_I2C_MspInit
                0x0000000008000c10       0x7c ./Core/Src/stm32f1xx_hal_msp.o
                0x0000000008000c10                HAL_I2C_MspInit
 .text.HAL_TIM_Base_MspInit
                0x0000000008000c8c       0x4c ./Core/Src/stm32f1xx_hal_msp.o
                0x0000000008000c8c                HAL_TIM_Base_MspInit
 .text.HAL_TIM_MspPostInit
                0x0000000008000cd8       0x64 ./Core/Src/stm32f1xx_hal_msp.o
                0x0000000008000cd8                HAL_TIM_MspPostInit
 .text.NMI_Handler
                0x0000000008000d3c        0x6 ./Core/Src/stm32f1xx_it.o
                0x0000000008000d3c                NMI_Handler
 .text.HardFault_Handler
                0x0000000008000d42        0x6 ./Core/Src/stm32f1xx_it.o
                0x0000000008000d42                HardFault_Handler
 .text.MemManage_Handler
                0x0000000008000d48        0x6 ./Core/Src/stm32f1xx_it.o
                0x0000000008000d48                MemManage_Handler
 .text.BusFault_Handler
                0x0000000008000d4e        0x6 ./Core/Src/stm32f1xx_it.o
                0x0000000008000d4e                BusFault_Handler
 .text.UsageFault_Handler
                0x0000000008000d54        0x6 ./Core/Src/stm32f1xx_it.o
                0x0000000008000d54                UsageFault_Handler
 .text.SVC_Handler
                0x0000000008000d5a        0xc ./Core/Src/stm32f1xx_it.o
                0x0000000008000d5a                SVC_Handler
 .text.DebugMon_Handler
                0x0000000008000d66        0xc ./Core/Src/stm32f1xx_it.o
                0x0000000008000d66                DebugMon_Handler
 .text.PendSV_Handler
                0x0000000008000d72        0xc ./Core/Src/stm32f1xx_it.o
                0x0000000008000d72                PendSV_Handler
 .text.SysTick_Handler
                0x0000000008000d7e        0xc ./Core/Src/stm32f1xx_it.o
                0x0000000008000d7e                SysTick_Handler
 *fill*         0x0000000008000d8a        0x2 
 .text.TIM3_IRQHandler
                0x0000000008000d8c       0x14 ./Core/Src/stm32f1xx_it.o
                0x0000000008000d8c                TIM3_IRQHandler
 .text.SystemInit
                0x0000000008000da0        0xc ./Core/Src/system_stm32f1xx.o
                0x0000000008000da0                SystemInit
 .text.Reset_Handler
                0x0000000008000dac       0x48 ./Core/Startup/startup_stm32f103rbtx.o
                0x0000000008000dac                Reset_Handler
 .text.Default_Handler
                0x0000000008000df4        0x2 ./Core/Startup/startup_stm32f103rbtx.o
                0x0000000008000df4                RTC_Alarm_IRQHandler
                0x0000000008000df4                EXTI2_IRQHandler
                0x0000000008000df4                TIM1_CC_IRQHandler
                0x0000000008000df4                PVD_IRQHandler
                0x0000000008000df4                EXTI3_IRQHandler
                0x0000000008000df4                EXTI0_IRQHandler
                0x0000000008000df4                I2C2_EV_IRQHandler
                0x0000000008000df4                ADC1_2_IRQHandler
                0x0000000008000df4                SPI1_IRQHandler
                0x0000000008000df4                TAMPER_IRQHandler
                0x0000000008000df4                DMA1_Channel4_IRQHandler
                0x0000000008000df4                USART3_IRQHandler
                0x0000000008000df4                RTC_IRQHandler
                0x0000000008000df4                DMA1_Channel7_IRQHandler
                0x0000000008000df4                CAN1_RX1_IRQHandler
                0x0000000008000df4                TIM4_IRQHandler
                0x0000000008000df4                I2C1_EV_IRQHandler
                0x0000000008000df4                DMA1_Channel6_IRQHandler
                0x0000000008000df4                RCC_IRQHandler
                0x0000000008000df4                TIM1_TRG_COM_IRQHandler
                0x0000000008000df4                DMA1_Channel1_IRQHandler
                0x0000000008000df4                Default_Handler
                0x0000000008000df4                EXTI15_10_IRQHandler
                0x0000000008000df4                EXTI9_5_IRQHandler
                0x0000000008000df4                SPI2_IRQHandler
                0x0000000008000df4                DMA1_Channel5_IRQHandler
                0x0000000008000df4                EXTI4_IRQHandler
                0x0000000008000df4                USB_LP_CAN1_RX0_IRQHandler
                0x0000000008000df4                USB_HP_CAN1_TX_IRQHandler
                0x0000000008000df4                DMA1_Channel3_IRQHandler
                0x0000000008000df4                TIM1_UP_IRQHandler
                0x0000000008000df4                WWDG_IRQHandler
                0x0000000008000df4                TIM2_IRQHandler
                0x0000000008000df4                TIM1_BRK_IRQHandler
                0x0000000008000df4                EXTI1_IRQHandler
                0x0000000008000df4                USART2_IRQHandler
                0x0000000008000df4                I2C2_ER_IRQHandler
                0x0000000008000df4                DMA1_Channel2_IRQHandler
                0x0000000008000df4                CAN1_SCE_IRQHandler
                0x0000000008000df4                FLASH_IRQHandler
                0x0000000008000df4                USART1_IRQHandler
                0x0000000008000df4                I2C1_ER_IRQHandler
                0x0000000008000df4                USBWakeUp_IRQHandler
 *fill*         0x0000000008000df6        0x2 
 .text.HAL_Init
                0x0000000008000df8       0x2c ./Drivers/STM32F1xx_HAL_Driver/Src/stm32f1xx_hal.o
                0x0000000008000df8                HAL_Init
 .text.HAL_InitTick
                0x0000000008000e24       0x60 ./Drivers/STM32F1xx_HAL_Driver/Src/stm32f1xx_hal.o
                0x0000000008000e24                HAL_InitTick
 .text.HAL_IncTick
                0x0000000008000e84       0x24 ./Drivers/STM32F1xx_HAL_Driver/Src/stm32f1xx_hal.o
                0x0000000008000e84                HAL_IncTick
 .text.HAL_GetTick
                0x0000000008000ea8       0x14 ./Drivers/STM32F1xx_HAL_Driver/Src/stm32f1xx_hal.o
                0x0000000008000ea8                HAL_GetTick
 .text.HAL_Delay
                0x0000000008000ebc       0x48 ./Drivers/STM32F1xx_HAL_Driver/Src/stm32f1xx_hal.o
                0x0000000008000ebc                HAL_Delay
 .text.__NVIC_SetPriorityGrouping
                0x0000000008000f04       0x48 ./Drivers/STM32F1xx_HAL_Driver/Src/stm32f1xx_hal_cortex.o
 .text.__NVIC_GetPriorityGrouping
                0x0000000008000f4c       0x1c ./Drivers/STM32F1xx_HAL_Driver/Src/stm32f1xx_hal_cortex.o
 .text.__NVIC_EnableIRQ
                0x0000000008000f68       0x38 ./Drivers/STM32F1xx_HAL_Driver/Src/stm32f1xx_hal_cortex.o
 .text.__NVIC_SetPriority
                0x0000000008000fa0       0x54 ./Drivers/STM32F1xx_HAL_Driver/Src/stm32f1xx_hal_cortex.o
 .text.NVIC_EncodePriority
                0x0000000008000ff4       0x64 ./Drivers/STM32F1xx_HAL_Driver/Src/stm32f1xx_hal_cortex.o
 .text.SysTick_Config
                0x0000000008001058       0x44 ./Drivers/STM32F1xx_HAL_Driver/Src/stm32f1xx_hal_cortex.o
 .text.HAL_NVIC_SetPriorityGrouping
                0x000000000800109c       0x16 ./Drivers/STM32F1xx_HAL_Driver/Src/stm32f1xx_hal_cortex.o
                0x000000000800109c                HAL_NVIC_SetPriorityGrouping
 .text.HAL_NVIC_SetPriority
                0x00000000080010b2       0x38 ./Drivers/STM32F1xx_HAL_Driver/Src/stm32f1xx_hal_cortex.o
                0x00000000080010b2                HAL_NVIC_SetPriority
 .text.HAL_NVIC_EnableIRQ
                0x00000000080010ea       0x1c ./Drivers/STM32F1xx_HAL_Driver/Src/stm32f1xx_hal_cortex.o
                0x00000000080010ea                HAL_NVIC_EnableIRQ
 .text.HAL_SYSTICK_Config
                0x0000000008001106       0x18 ./Drivers/STM32F1xx_HAL_Driver/Src/stm32f1xx_hal_cortex.o
                0x0000000008001106                HAL_SYSTICK_Config
 *fill*         0x000000000800111e        0x2 
 .text.HAL_GPIO_Init
                0x0000000008001120      0x308 ./Drivers/STM32F1xx_HAL_Driver/Src/stm32f1xx_hal_gpio.o
                0x0000000008001120                HAL_GPIO_Init
 .text.HAL_GPIO_WritePin
                0x0000000008001428       0x30 ./Drivers/STM32F1xx_HAL_Driver/Src/stm32f1xx_hal_gpio.o
                0x0000000008001428                HAL_GPIO_WritePin
 .text.HAL_I2C_Init
                0x0000000008001458      0x288 ./Drivers/STM32F1xx_HAL_Driver/Src/stm32f1xx_hal_i2c.o
                0x0000000008001458                HAL_I2C_Init
 .text.HAL_I2C_Master_Transmit
                0x00000000080016e0      0x1fc ./Drivers/STM32F1xx_HAL_Driver/Src/stm32f1xx_hal_i2c.o
                0x00000000080016e0                HAL_I2C_Master_Transmit
 .text.I2C_MasterRequestWrite
                0x00000000080018dc      0x104 ./Drivers/STM32F1xx_HAL_Driver/Src/stm32f1xx_hal_i2c.o
 .text.I2C_WaitOnFlagUntilTimeout
                0x00000000080019e0       0xae ./Drivers/STM32F1xx_HAL_Driver/Src/stm32f1xx_hal_i2c.o
 .text.I2C_WaitOnMasterAddressFlagUntilTimeout
                0x0000000008001a8e       0xfe ./Drivers/STM32F1xx_HAL_Driver/Src/stm32f1xx_hal_i2c.o
 .text.I2C_WaitOnTXEFlagUntilTimeout
                0x0000000008001b8c       0x82 ./Drivers/STM32F1xx_HAL_Driver/Src/stm32f1xx_hal_i2c.o
 .text.I2C_WaitOnBTFFlagUntilTimeout
                0x0000000008001c0e       0x82 ./Drivers/STM32F1xx_HAL_Driver/Src/stm32f1xx_hal_i2c.o
 .text.I2C_IsAcknowledgeFailed
                0x0000000008001c90       0x5c ./Drivers/STM32F1xx_HAL_Driver/Src/stm32f1xx_hal_i2c.o
 .text.HAL_RCC_OscConfig
                0x0000000008001cec      0x504 ./Drivers/STM32F1xx_HAL_Driver/Src/stm32f1xx_hal_rcc.o
                0x0000000008001cec                HAL_RCC_OscConfig
 .text.HAL_RCC_ClockConfig
                0x00000000080021f0      0x1d4 ./Drivers/STM32F1xx_HAL_Driver/Src/stm32f1xx_hal_rcc.o
                0x00000000080021f0                HAL_RCC_ClockConfig
 .text.HAL_RCC_GetSysClockFreq
                0x00000000080023c4       0xbc ./Drivers/STM32F1xx_HAL_Driver/Src/stm32f1xx_hal_rcc.o
                0x00000000080023c4                HAL_RCC_GetSysClockFreq
 .text.HAL_RCC_GetHCLKFreq
                0x0000000008002480       0x14 ./Drivers/STM32F1xx_HAL_Driver/Src/stm32f1xx_hal_rcc.o
                0x0000000008002480                HAL_RCC_GetHCLKFreq
 .text.HAL_RCC_GetPCLK1Freq
                0x0000000008002494       0x28 ./Drivers/STM32F1xx_HAL_Driver/Src/stm32f1xx_hal_rcc.o
                0x0000000008002494                HAL_RCC_GetPCLK1Freq
 .text.RCC_Delay
                0x00000000080024bc       0x3c ./Drivers/STM32F1xx_HAL_Driver/Src/stm32f1xx_hal_rcc.o
 .text.HAL_TIM_Base_Init
                0x00000000080024f8       0x9e ./Drivers/STM32F1xx_HAL_Driver/Src/stm32f1xx_hal_tim.o
                0x00000000080024f8                HAL_TIM_Base_Init
 *fill*         0x0000000008002596        0x2 
 .text.HAL_TIM_Base_Start_IT
                0x0000000008002598       0xa4 ./Drivers/STM32F1xx_HAL_Driver/Src/stm32f1xx_hal_tim.o
                0x0000000008002598                HAL_TIM_Base_Start_IT
 .text.HAL_TIM_OC_Init
                0x000000000800263c       0x9e ./Drivers/STM32F1xx_HAL_Driver/Src/stm32f1xx_hal_tim.o
                0x000000000800263c                HAL_TIM_OC_Init
 .text.HAL_TIM_OC_MspInit
                0x00000000080026da       0x12 ./Drivers/STM32F1xx_HAL_Driver/Src/stm32f1xx_hal_tim.o
                0x00000000080026da                HAL_TIM_OC_MspInit
 .text.HAL_TIM_IRQHandler
                0x00000000080026ec      0x210 ./Drivers/STM32F1xx_HAL_Driver/Src/stm32f1xx_hal_tim.o
                0x00000000080026ec                HAL_TIM_IRQHandler
 .text.HAL_TIM_OC_ConfigChannel
                0x00000000080028fc       0xb0 ./Drivers/STM32F1xx_HAL_Driver/Src/stm32f1xx_hal_tim.o
                0x00000000080028fc                HAL_TIM_OC_ConfigChannel
 .text.HAL_TIM_ConfigClockSource
                0x00000000080029ac      0x188 ./Drivers/STM32F1xx_HAL_Driver/Src/stm32f1xx_hal_tim.o
                0x00000000080029ac                HAL_TIM_ConfigClockSource
 .text.HAL_TIM_OC_DelayElapsedCallback
                0x0000000008002b34       0x12 ./Drivers/STM32F1xx_HAL_Driver/Src/stm32f1xx_hal_tim.o
                0x0000000008002b34                HAL_TIM_OC_DelayElapsedCallback
 .text.HAL_TIM_IC_CaptureCallback
                0x0000000008002b46       0x12 ./Drivers/STM32F1xx_HAL_Driver/Src/stm32f1xx_hal_tim.o
                0x0000000008002b46                HAL_TIM_IC_CaptureCallback
 .text.HAL_TIM_PWM_PulseFinishedCallback
                0x0000000008002b58       0x12 ./Drivers/STM32F1xx_HAL_Driver/Src/stm32f1xx_hal_tim.o
                0x0000000008002b58                HAL_TIM_PWM_PulseFinishedCallback
 .text.HAL_TIM_TriggerCallback
                0x0000000008002b6a       0x12 ./Drivers/STM32F1xx_HAL_Driver/Src/stm32f1xx_hal_tim.o
                0x0000000008002b6a                HAL_TIM_TriggerCallback
 .text.TIM_Base_SetConfig
                0x0000000008002b7c       0xc4 ./Drivers/STM32F1xx_HAL_Driver/Src/stm32f1xx_hal_tim.o
                0x0000000008002b7c                TIM_Base_SetConfig
 .text.TIM_OC1_SetConfig
                0x0000000008002c40       0xcc ./Drivers/STM32F1xx_HAL_Driver/Src/stm32f1xx_hal_tim.o
 .text.TIM_OC2_SetConfig
                0x0000000008002d0c       0xd4 ./Drivers/STM32F1xx_HAL_Driver/Src/stm32f1xx_hal_tim.o
                0x0000000008002d0c                TIM_OC2_SetConfig
 .text.TIM_OC3_SetConfig
                0x0000000008002de0       0xd4 ./Drivers/STM32F1xx_HAL_Driver/Src/stm32f1xx_hal_tim.o
 .text.TIM_OC4_SetConfig
                0x0000000008002eb4       0x9c ./Drivers/STM32F1xx_HAL_Driver/Src/stm32f1xx_hal_tim.o
 .text.TIM_TI1_ConfigInputStage
                0x0000000008002f50       0x5c ./Drivers/STM32F1xx_HAL_Driver/Src/stm32f1xx_hal_tim.o
 .text.TIM_TI2_ConfigInputStage
                0x0000000008002fac       0x5e ./Drivers/STM32F1xx_HAL_Driver/Src/stm32f1xx_hal_tim.o
 .text.TIM_ITRx_SetConfig
                0x000000000800300a       0x34 ./Drivers/STM32F1xx_HAL_Driver/Src/stm32f1xx_hal_tim.o
 .text.TIM_ETR_SetConfig
                0x000000000800303e       0x3e ./Drivers/STM32F1xx_HAL_Driver/Src/stm32f1xx_hal_tim.o
                0x000000000800303e                TIM_ETR_SetConfig
 .text.HAL_TIMEx_MasterConfigSynchronization
                0x000000000800307c       0xbc ./Drivers/STM32F1xx_HAL_Driver/Src/stm32f1xx_hal_tim_ex.o
                0x000000000800307c                HAL_TIMEx_MasterConfigSynchronization
 .text.HAL_TIMEx_CommutCallback
                0x0000000008003138       0x12 ./Drivers/STM32F1xx_HAL_Driver/Src/stm32f1xx_hal_tim_ex.o
                0x0000000008003138                HAL_TIMEx_CommutCallback
 .text.HAL_TIMEx_BreakCallback
                0x000000000800314a       0x12 ./Drivers/STM32F1xx_HAL_Driver/Src/stm32f1xx_hal_tim_ex.o
                0x000000000800314a                HAL_TIMEx_BreakCallback
 .text.__libc_init_array
                0x000000000800315c       0x48 d:/apps/stm32cubeide_1.11.0/stm32cubeide/plugins/com.st.stm32cube.ide.mcu.externaltools.gnu-tools-for-stm32.10.3-2021.10.win32_1.0.100.202210260954/tools/bin/../lib/gcc/arm-none-eabi/10.3.1/../../../../arm-none-eabi/lib/thumb/v7-m/nofp\libc_nano.a(lib_a-init.o)
                0x000000000800315c                __libc_init_array
 .text.memset   0x00000000080031a4       0x10 d:/apps/stm32cubeide_1.11.0/stm32cubeide/plugins/com.st.stm32cube.ide.mcu.externaltools.gnu-tools-for-stm32.10.3-2021.10.win32_1.0.100.202210260954/tools/bin/../lib/gcc/arm-none-eabi/10.3.1/../../../../arm-none-eabi/lib/thumb/v7-m/nofp\libc_nano.a(lib_a-memset.o)
                0x00000000080031a4                memset
 *(.glue_7)
 .glue_7        0x00000000080031b4        0x0 linker stubs
 *(.glue_7t)
 .glue_7t       0x00000000080031b4        0x0 linker stubs
 *(.eh_frame)
 .eh_frame      0x00000000080031b4        0x0 d:/apps/stm32cubeide_1.11.0/stm32cubeide/plugins/com.st.stm32cube.ide.mcu.externaltools.gnu-tools-for-stm32.10.3-2021.10.win32_1.0.100.202210260954/tools/bin/../lib/gcc/arm-none-eabi/10.3.1/thumb/v7-m/nofp/crtbegin.o
 *(.init)
 .init          0x00000000080031b4        0x4 d:/apps/stm32cubeide_1.11.0/stm32cubeide/plugins/com.st.stm32cube.ide.mcu.externaltools.gnu-tools-for-stm32.10.3-2021.10.win32_1.0.100.202210260954/tools/bin/../lib/gcc/arm-none-eabi/10.3.1/thumb/v7-m/nofp/crti.o
                0x00000000080031b4                _init
 .init          0x00000000080031b8        0x8 d:/apps/stm32cubeide_1.11.0/stm32cubeide/plugins/com.st.stm32cube.ide.mcu.externaltools.gnu-tools-for-stm32.10.3-2021.10.win32_1.0.100.202210260954/tools/bin/../lib/gcc/arm-none-eabi/10.3.1/thumb/v7-m/nofp/crtn.o
 *(.fini)
 .fini          0x00000000080031c0        0x4 d:/apps/stm32cubeide_1.11.0/stm32cubeide/plugins/com.st.stm32cube.ide.mcu.externaltools.gnu-tools-for-stm32.10.3-2021.10.win32_1.0.100.202210260954/tools/bin/../lib/gcc/arm-none-eabi/10.3.1/thumb/v7-m/nofp/crti.o
                0x00000000080031c0                _fini
 .fini          0x00000000080031c4        0x8 d:/apps/stm32cubeide_1.11.0/stm32cubeide/plugins/com.st.stm32cube.ide.mcu.externaltools.gnu-tools-for-stm32.10.3-2021.10.win32_1.0.100.202210260954/tools/bin/../lib/gcc/arm-none-eabi/10.3.1/thumb/v7-m/nofp/crtn.o
                0x00000000080031cc                . = ALIGN (0x4)
                0x00000000080031cc                _etext = .

.vfp11_veneer   0x00000000080031cc        0x0
 .vfp11_veneer  0x00000000080031cc        0x0 linker stubs

.v4_bx          0x00000000080031cc        0x0
 .v4_bx         0x00000000080031cc        0x0 linker stubs

.iplt           0x00000000080031cc        0x0
 .iplt          0x00000000080031cc        0x0 d:/apps/stm32cubeide_1.11.0/stm32cubeide/plugins/com.st.stm32cube.ide.mcu.externaltools.gnu-tools-for-stm32.10.3-2021.10.win32_1.0.100.202210260954/tools/bin/../lib/gcc/arm-none-eabi/10.3.1/thumb/v7-m/nofp/crtbegin.o

.rodata         0x00000000080031cc       0x28
                0x00000000080031cc                . = ALIGN (0x4)
 *(.rodata)
 .rodata        0x00000000080031cc       0x10 ./Drivers/STM32F1xx_HAL_Driver/Src/stm32f1xx_hal_rcc.o
 *(.rodata*)
 .rodata.AHBPrescTable
                0x00000000080031dc       0x10 ./Core/Src/system_stm32f1xx.o
                0x00000000080031dc                AHBPrescTable
 .rodata.APBPrescTable
                0x00000000080031ec        0x8 ./Core/Src/system_stm32f1xx.o
                0x00000000080031ec                APBPrescTable
                0x00000000080031f4                . = ALIGN (0x4)

.rel.dyn        0x00000000080031f4        0x0
 .rel.iplt      0x00000000080031f4        0x0 d:/apps/stm32cubeide_1.11.0/stm32cubeide/plugins/com.st.stm32cube.ide.mcu.externaltools.gnu-tools-for-stm32.10.3-2021.10.win32_1.0.100.202210260954/tools/bin/../lib/gcc/arm-none-eabi/10.3.1/thumb/v7-m/nofp/crtbegin.o

.ARM.extab      0x00000000080031f4        0x0
                0x00000000080031f4                . = ALIGN (0x4)
 *(.ARM.extab* .gnu.linkonce.armextab.*)
                0x00000000080031f4                . = ALIGN (0x4)

.ARM            0x00000000080031f4        0x0
                0x00000000080031f4                . = ALIGN (0x4)
                0x00000000080031f4                __exidx_start = .
 *(.ARM.exidx*)
                0x00000000080031f4                __exidx_end = .
                0x00000000080031f4                . = ALIGN (0x4)

.preinit_array  0x00000000080031f4        0x0
                0x00000000080031f4                . = ALIGN (0x4)
                0x00000000080031f4                PROVIDE (__preinit_array_start = .)
 *(.preinit_array*)
                0x00000000080031f4                PROVIDE (__preinit_array_end = .)
                0x00000000080031f4                . = ALIGN (0x4)

.init_array     0x00000000080031f4        0x4
                0x00000000080031f4                . = ALIGN (0x4)
                0x00000000080031f4                PROVIDE (__init_array_start = .)
 *(SORT_BY_NAME(.init_array.*))
 *(.init_array*)
 .init_array    0x00000000080031f4        0x4 d:/apps/stm32cubeide_1.11.0/stm32cubeide/plugins/com.st.stm32cube.ide.mcu.externaltools.gnu-tools-for-stm32.10.3-2021.10.win32_1.0.100.202210260954/tools/bin/../lib/gcc/arm-none-eabi/10.3.1/thumb/v7-m/nofp/crtbegin.o
                0x00000000080031f8                PROVIDE (__init_array_end = .)
                0x00000000080031f8                . = ALIGN (0x4)

.fini_array     0x00000000080031f8        0x4
                0x00000000080031f8                . = ALIGN (0x4)
                [!provide]                        PROVIDE (__fini_array_start = .)
 *(SORT_BY_NAME(.fini_array.*))
 *(.fini_array*)
 .fini_array    0x00000000080031f8        0x4 d:/apps/stm32cubeide_1.11.0/stm32cubeide/plugins/com.st.stm32cube.ide.mcu.externaltools.gnu-tools-for-stm32.10.3-2021.10.win32_1.0.100.202210260954/tools/bin/../lib/gcc/arm-none-eabi/10.3.1/thumb/v7-m/nofp/crtbegin.o
                [!provide]                        PROVIDE (__fini_array_end = .)
                0x00000000080031fc                . = ALIGN (0x4)
                0x00000000080031fc                _sidata = LOADADDR (.data)

.data           0x0000000020000000       0x1c load address 0x00000000080031fc
                0x0000000020000000                . = ALIGN (0x4)
                0x0000000020000000                _sdata = .
 *(.data)
 *(.data*)
 .data.status   0x0000000020000000        0x4 ./Core/Src/global.o
                0x0000000020000000                status
 .data.yellow_light_duration
                0x0000000020000004        0x4 ./Core/Src/global.o
                0x0000000020000004                yellow_light_duration
 .data.green_light_duration
                0x0000000020000008        0x4 ./Core/Src/global.o
                0x0000000020000008                green_light_duration
 .data.TIMER_CYCLE
                0x000000002000000c        0x4 ./Core/Src/software_timer.o
                0x000000002000000c                TIMER_CYCLE
 .data.SystemCoreClock
                0x0000000020000010        0x4 ./Core/Src/system_stm32f1xx.o
                0x0000000020000010                SystemCoreClock
 .data.uwTickPrio
                0x0000000020000014        0x4 ./Drivers/STM32F1xx_HAL_Driver/Src/stm32f1xx_hal.o
                0x0000000020000014                uwTickPrio
 .data.uwTickFreq
                0x0000000020000018        0x1 ./Drivers/STM32F1xx_HAL_Driver/Src/stm32f1xx_hal.o
                0x0000000020000018                uwTickFreq
 *(.RamFunc)
 *(.RamFunc*)
                0x000000002000001c                . = ALIGN (0x4)
 *fill*         0x0000000020000019        0x3 
                0x000000002000001c                _edata = .

.igot.plt       0x000000002000001c        0x0 load address 0x0000000008003218
 .igot.plt      0x000000002000001c        0x0 d:/apps/stm32cubeide_1.11.0/stm32cubeide/plugins/com.st.stm32cube.ide.mcu.externaltools.gnu-tools-for-stm32.10.3-2021.10.win32_1.0.100.202210260954/tools/bin/../lib/gcc/arm-none-eabi/10.3.1/thumb/v7-m/nofp/crtbegin.o
                0x000000002000001c                . = ALIGN (0x4)

.bss            0x000000002000001c       0xd8 load address 0x0000000008003218
                0x000000002000001c                _sbss = .
                0x000000002000001c                __bss_start__ = _sbss
 *(.bss)
 .bss           0x000000002000001c       0x1c d:/apps/stm32cubeide_1.11.0/stm32cubeide/plugins/com.st.stm32cube.ide.mcu.externaltools.gnu-tools-for-stm32.10.3-2021.10.win32_1.0.100.202210260954/tools/bin/../lib/gcc/arm-none-eabi/10.3.1/thumb/v7-m/nofp/crtbegin.o
 *(.bss*)
 .bss._displayfunction
                0x0000000020000038        0x1 ./Core/Src/lcd.o
                0x0000000020000038                _displayfunction
 .bss._displaycontrol
                0x0000000020000039        0x1 ./Core/Src/lcd.o
                0x0000000020000039                _displaycontrol
 .bss._displaymode
                0x000000002000003a        0x1 ./Core/Src/lcd.o
                0x000000002000003a                _displaymode
 .bss._numlines
                0x000000002000003b        0x1 ./Core/Src/lcd.o
                0x000000002000003b                _numlines
 .bss._row_offsets
                0x000000002000003c        0x4 ./Core/Src/lcd.o
                0x000000002000003c                _row_offsets
 .bss._i2caddr  0x0000000020000040        0x1 ./Core/Src/lcd.o
                0x0000000020000040                _i2caddr
 .bss._backlight
                0x0000000020000041        0x1 ./Core/Src/lcd.o
                0x0000000020000041                _backlight
 *fill*         0x0000000020000042        0x2 
 .bss.hi2c1     0x0000000020000044       0x54 ./Core/Src/main.o
                0x0000000020000044                hi2c1
 .bss.htim3     0x0000000020000098       0x48 ./Core/Src/main.o
                0x0000000020000098                htim3
 .bss.timer1_counter
                0x00000000200000e0        0x4 ./Core/Src/software_timer.o
                0x00000000200000e0                timer1_counter
 .bss.timer1_flag
                0x00000000200000e4        0x4 ./Core/Src/software_timer.o
                0x00000000200000e4                timer1_flag
 .bss.timer2_counter
                0x00000000200000e8        0x4 ./Core/Src/software_timer.o
                0x00000000200000e8                timer2_counter
 .bss.timer2_flag
                0x00000000200000ec        0x4 ./Core/Src/software_timer.o
                0x00000000200000ec                timer2_flag
 .bss.uwTick    0x00000000200000f0        0x4 ./Drivers/STM32F1xx_HAL_Driver/Src/stm32f1xx_hal.o
                0x00000000200000f0                uwTick
 *(COMMON)
                0x00000000200000f4                . = ALIGN (0x4)
                0x00000000200000f4                _ebss = .
                0x00000000200000f4                __bss_end__ = _ebss

._user_heap_stack
                0x00000000200000f4      0x604 load address 0x0000000008003218
                0x00000000200000f8                . = ALIGN (0x8)
 *fill*         0x00000000200000f4        0x4 
                [!provide]                        PROVIDE (end = .)
                0x00000000200000f8                PROVIDE (_end = .)
                0x00000000200002f8                . = (. + _Min_Heap_Size)
 *fill*         0x00000000200000f8      0x200 
                0x00000000200006f8                . = (. + _Min_Stack_Size)
 *fill*         0x00000000200002f8      0x400 
                0x00000000200006f8                . = ALIGN (0x8)

/DISCARD/
 libc.a(*)
 libm.a(*)
 libgcc.a(*)

.ARM.attributes
                0x0000000000000000       0x29
 *(.ARM.attributes)
 .ARM.attributes
                0x0000000000000000       0x1d d:/apps/stm32cubeide_1.11.0/stm32cubeide/plugins/com.st.stm32cube.ide.mcu.externaltools.gnu-tools-for-stm32.10.3-2021.10.win32_1.0.100.202210260954/tools/bin/../lib/gcc/arm-none-eabi/10.3.1/thumb/v7-m/nofp/crti.o
 .ARM.attributes
                0x000000000000001d       0x2d d:/apps/stm32cubeide_1.11.0/stm32cubeide/plugins/com.st.stm32cube.ide.mcu.externaltools.gnu-tools-for-stm32.10.3-2021.10.win32_1.0.100.202210260954/tools/bin/../lib/gcc/arm-none-eabi/10.3.1/thumb/v7-m/nofp/crtbegin.o
 .ARM.attributes
                0x000000000000004a       0x2d ./Core/Src/fsm.o
 .ARM.attributes
                0x0000000000000077       0x2d ./Core/Src/global.o
 .ARM.attributes
                0x00000000000000a4       0x2d ./Core/Src/lcd.o
 .ARM.attributes
                0x00000000000000d1       0x2d ./Core/Src/led-display.o
 .ARM.attributes
                0x00000000000000fe       0x2d ./Core/Src/main.o
 .ARM.attributes
                0x000000000000012b       0x2d ./Core/Src/software_timer.o
 .ARM.attributes
                0x0000000000000158       0x2d ./Core/Src/stm32f1xx_hal_msp.o
 .ARM.attributes
                0x0000000000000185       0x2d ./Core/Src/stm32f1xx_it.o
 .ARM.attributes
                0x00000000000001b2       0x2d ./Core/Src/system_stm32f1xx.o
 .ARM.attributes
                0x00000000000001df       0x21 ./Core/Startup/startup_stm32f103rbtx.o
 .ARM.attributes
                0x0000000000000200       0x2d ./Drivers/STM32F1xx_HAL_Driver/Src/stm32f1xx_hal.o
 .ARM.attributes
                0x000000000000022d       0x2d ./Drivers/STM32F1xx_HAL_Driver/Src/stm32f1xx_hal_cortex.o
 .ARM.attributes
                0x000000000000025a       0x2d ./Drivers/STM32F1xx_HAL_Driver/Src/stm32f1xx_hal_gpio.o
 .ARM.attributes
                0x0000000000000287       0x2d ./Drivers/STM32F1xx_HAL_Driver/Src/stm32f1xx_hal_i2c.o
 .ARM.attributes
                0x00000000000002b4       0x2d ./Drivers/STM32F1xx_HAL_Driver/Src/stm32f1xx_hal_rcc.o
 .ARM.attributes
                0x00000000000002e1       0x2d ./Drivers/STM32F1xx_HAL_Driver/Src/stm32f1xx_hal_tim.o
 .ARM.attributes
                0x000000000000030e       0x2d ./Drivers/STM32F1xx_HAL_Driver/Src/stm32f1xx_hal_tim_ex.o
 .ARM.attributes
                0x000000000000033b       0x2d d:/apps/stm32cubeide_1.11.0/stm32cubeide/plugins/com.st.stm32cube.ide.mcu.externaltools.gnu-tools-for-stm32.10.3-2021.10.win32_1.0.100.202210260954/tools/bin/../lib/gcc/arm-none-eabi/10.3.1/../../../../arm-none-eabi/lib/thumb/v7-m/nofp\libc_nano.a(lib_a-init.o)
 .ARM.attributes
                0x0000000000000368       0x2d d:/apps/stm32cubeide_1.11.0/stm32cubeide/plugins/com.st.stm32cube.ide.mcu.externaltools.gnu-tools-for-stm32.10.3-2021.10.win32_1.0.100.202210260954/tools/bin/../lib/gcc/arm-none-eabi/10.3.1/../../../../arm-none-eabi/lib/thumb/v7-m/nofp\libc_nano.a(lib_a-memset.o)
 .ARM.attributes
                0x0000000000000395       0x1d d:/apps/stm32cubeide_1.11.0/stm32cubeide/plugins/com.st.stm32cube.ide.mcu.externaltools.gnu-tools-for-stm32.10.3-2021.10.win32_1.0.100.202210260954/tools/bin/../lib/gcc/arm-none-eabi/10.3.1/thumb/v7-m/nofp/crtn.o
OUTPUT(BTL.elf elf32-littlearm)
LOAD linker stubs
LOAD d:/apps/stm32cubeide_1.11.0/stm32cubeide/plugins/com.st.stm32cube.ide.mcu.externaltools.gnu-tools-for-stm32.10.3-2021.10.win32_1.0.100.202210260954/tools/bin/../lib/gcc/arm-none-eabi/10.3.1/../../../../arm-none-eabi/lib/thumb/v7-m/nofp\libc.a
LOAD d:/apps/stm32cubeide_1.11.0/stm32cubeide/plugins/com.st.stm32cube.ide.mcu.externaltools.gnu-tools-for-stm32.10.3-2021.10.win32_1.0.100.202210260954/tools/bin/../lib/gcc/arm-none-eabi/10.3.1/../../../../arm-none-eabi/lib/thumb/v7-m/nofp\libm.a
LOAD d:/apps/stm32cubeide_1.11.0/stm32cubeide/plugins/com.st.stm32cube.ide.mcu.externaltools.gnu-tools-for-stm32.10.3-2021.10.win32_1.0.100.202210260954/tools/bin/../lib/gcc/arm-none-eabi/10.3.1/thumb/v7-m/nofp\libgcc.a

.debug_info     0x0000000000000000     0xc1a2
 .debug_info    0x0000000000000000      0x14c ./Core/Src/fsm.o
 .debug_info    0x000000000000014c       0x91 ./Core/Src/global.o
 .debug_info    0x00000000000001dd      0xc63 ./Core/Src/lcd.o
 .debug_info    0x0000000000000e40      0x3d0 ./Core/Src/led-display.o
 .debug_info    0x0000000000001210     0x101d ./Core/Src/main.o
 .debug_info    0x000000000000222d       0xf5 ./Core/Src/software_timer.o
 .debug_info    0x0000000000002322      0xe49 ./Core/Src/stm32f1xx_hal_msp.o
 .debug_info    0x000000000000316b      0x6ea ./Core/Src/stm32f1xx_it.o
 .debug_info    0x0000000000003855      0x23d ./Core/Src/system_stm32f1xx.o
 .debug_info    0x0000000000003a92       0x22 ./Core/Startup/startup_stm32f103rbtx.o
 .debug_info    0x0000000000003ab4      0x734 ./Drivers/STM32F1xx_HAL_Driver/Src/stm32f1xx_hal.o
 .debug_info    0x00000000000041e8      0xb20 ./Drivers/STM32F1xx_HAL_Driver/Src/stm32f1xx_hal_cortex.o
 .debug_info    0x0000000000004d08      0x615 ./Drivers/STM32F1xx_HAL_Driver/Src/stm32f1xx_hal_gpio.o
 .debug_info    0x000000000000531d     0x2734 ./Drivers/STM32F1xx_HAL_Driver/Src/stm32f1xx_hal_i2c.o
 .debug_info    0x0000000000007a51      0x860 ./Drivers/STM32F1xx_HAL_Driver/Src/stm32f1xx_hal_rcc.o
 .debug_info    0x00000000000082b1     0x29de ./Drivers/STM32F1xx_HAL_Driver/Src/stm32f1xx_hal_tim.o
 .debug_info    0x000000000000ac8f     0x1513 ./Drivers/STM32F1xx_HAL_Driver/Src/stm32f1xx_hal_tim_ex.o

.debug_abbrev   0x0000000000000000     0x1e5c
 .debug_abbrev  0x0000000000000000       0xbf ./Core/Src/fsm.o
 .debug_abbrev  0x00000000000000bf       0x40 ./Core/Src/global.o
 .debug_abbrev  0x00000000000000ff      0x2e7 ./Core/Src/lcd.o
 .debug_abbrev  0x00000000000003e6      0x198 ./Core/Src/led-display.o
 .debug_abbrev  0x000000000000057e      0x2fd ./Core/Src/main.o
 .debug_abbrev  0x000000000000087b       0xb6 ./Core/Src/software_timer.o
 .debug_abbrev  0x0000000000000931      0x1c5 ./Core/Src/stm32f1xx_hal_msp.o
 .debug_abbrev  0x0000000000000af6      0x184 ./Core/Src/stm32f1xx_it.o
 .debug_abbrev  0x0000000000000c7a      0x13b ./Core/Src/system_stm32f1xx.o
 .debug_abbrev  0x0000000000000db5       0x12 ./Core/Startup/startup_stm32f103rbtx.o
 .debug_abbrev  0x0000000000000dc7      0x1fb ./Drivers/STM32F1xx_HAL_Driver/Src/stm32f1xx_hal.o
 .debug_abbrev  0x0000000000000fc2      0x2ed ./Drivers/STM32F1xx_HAL_Driver/Src/stm32f1xx_hal_cortex.o
 .debug_abbrev  0x00000000000012af      0x1bb ./Drivers/STM32F1xx_HAL_Driver/Src/stm32f1xx_hal_gpio.o
 .debug_abbrev  0x000000000000146a      0x288 ./Drivers/STM32F1xx_HAL_Driver/Src/stm32f1xx_hal_i2c.o
 .debug_abbrev  0x00000000000016f2      0x2a8 ./Drivers/STM32F1xx_HAL_Driver/Src/stm32f1xx_hal_rcc.o
 .debug_abbrev  0x000000000000199a      0x25d ./Drivers/STM32F1xx_HAL_Driver/Src/stm32f1xx_hal_tim.o
 .debug_abbrev  0x0000000000001bf7      0x265 ./Drivers/STM32F1xx_HAL_Driver/Src/stm32f1xx_hal_tim_ex.o

.debug_aranges  0x0000000000000000      0xe10
 .debug_aranges
                0x0000000000000000       0x20 ./Core/Src/fsm.o
 .debug_aranges
                0x0000000000000020       0x18 ./Core/Src/global.o
 .debug_aranges
                0x0000000000000038      0x130 ./Core/Src/lcd.o
 .debug_aranges
                0x0000000000000168       0x88 ./Core/Src/led-display.o
 .debug_aranges
                0x00000000000001f0       0x50 ./Core/Src/main.o
 .debug_aranges
                0x0000000000000240       0x30 ./Core/Src/software_timer.o
 .debug_aranges
                0x0000000000000270       0x48 ./Core/Src/stm32f1xx_hal_msp.o
 .debug_aranges
                0x00000000000002b8       0x68 ./Core/Src/stm32f1xx_it.o
 .debug_aranges
                0x0000000000000320       0x28 ./Core/Src/system_stm32f1xx.o
 .debug_aranges
                0x0000000000000348       0x28 ./Core/Startup/startup_stm32f103rbtx.o
 .debug_aranges
                0x0000000000000370       0xe0 ./Drivers/STM32F1xx_HAL_Driver/Src/stm32f1xx_hal.o
 .debug_aranges
                0x0000000000000450      0x100 ./Drivers/STM32F1xx_HAL_Driver/Src/stm32f1xx_hal_cortex.o
 .debug_aranges
                0x0000000000000550       0x58 ./Drivers/STM32F1xx_HAL_Driver/Src/stm32f1xx_hal_gpio.o
 .debug_aranges
                0x00000000000005a8      0x2a0 ./Drivers/STM32F1xx_HAL_Driver/Src/stm32f1xx_hal_i2c.o
 .debug_aranges
                0x0000000000000848       0x90 ./Drivers/STM32F1xx_HAL_Driver/Src/stm32f1xx_hal_rcc.o
 .debug_aranges
                0x00000000000008d8      0x3d0 ./Drivers/STM32F1xx_HAL_Driver/Src/stm32f1xx_hal_tim.o
 .debug_aranges
                0x0000000000000ca8      0x168 ./Drivers/STM32F1xx_HAL_Driver/Src/stm32f1xx_hal_tim_ex.o

.debug_ranges   0x0000000000000000      0xd28
 .debug_ranges  0x0000000000000000       0x10 ./Core/Src/fsm.o
 .debug_ranges  0x0000000000000010      0x120 ./Core/Src/lcd.o
 .debug_ranges  0x0000000000000130       0x78 ./Core/Src/led-display.o
 .debug_ranges  0x00000000000001a8       0x40 ./Core/Src/main.o
 .debug_ranges  0x00000000000001e8       0x20 ./Core/Src/software_timer.o
 .debug_ranges  0x0000000000000208       0x38 ./Core/Src/stm32f1xx_hal_msp.o
 .debug_ranges  0x0000000000000240       0x58 ./Core/Src/stm32f1xx_it.o
 .debug_ranges  0x0000000000000298       0x18 ./Core/Src/system_stm32f1xx.o
 .debug_ranges  0x00000000000002b0       0x20 ./Core/Startup/startup_stm32f103rbtx.o
 .debug_ranges  0x00000000000002d0       0xd0 ./Drivers/STM32F1xx_HAL_Driver/Src/stm32f1xx_hal.o
 .debug_ranges  0x00000000000003a0       0xf0 ./Drivers/STM32F1xx_HAL_Driver/Src/stm32f1xx_hal_cortex.o
 .debug_ranges  0x0000000000000490       0x48 ./Drivers/STM32F1xx_HAL_Driver/Src/stm32f1xx_hal_gpio.o
 .debug_ranges  0x00000000000004d8      0x2b8 ./Drivers/STM32F1xx_HAL_Driver/Src/stm32f1xx_hal_i2c.o
 .debug_ranges  0x0000000000000790       0x80 ./Drivers/STM32F1xx_HAL_Driver/Src/stm32f1xx_hal_rcc.o
 .debug_ranges  0x0000000000000810      0x3c0 ./Drivers/STM32F1xx_HAL_Driver/Src/stm32f1xx_hal_tim.o
 .debug_ranges  0x0000000000000bd0      0x158 ./Drivers/STM32F1xx_HAL_Driver/Src/stm32f1xx_hal_tim_ex.o

.debug_macro    0x0000000000000000    0x17fb0
 .debug_macro   0x0000000000000000      0x1d9 ./Core/Src/fsm.o
 .debug_macro   0x00000000000001d9      0xa6c ./Core/Src/fsm.o
 .debug_macro   0x0000000000000c45       0x28 ./Core/Src/fsm.o
 .debug_macro   0x0000000000000c6d      0x21b ./Core/Src/fsm.o
 .debug_macro   0x0000000000000e88       0x2e ./Core/Src/fsm.o
 .debug_macro   0x0000000000000eb6       0x22 ./Core/Src/fsm.o
 .debug_macro   0x0000000000000ed8       0x22 ./Core/Src/fsm.o
 .debug_macro   0x0000000000000efa       0x8e ./Core/Src/fsm.o
 .debug_macro   0x0000000000000f88       0x51 ./Core/Src/fsm.o
 .debug_macro   0x0000000000000fd9      0x103 ./Core/Src/fsm.o
 .debug_macro   0x00000000000010dc       0x6a ./Core/Src/fsm.o
 .debug_macro   0x0000000000001146      0x1df ./Core/Src/fsm.o
 .debug_macro   0x0000000000001325       0x1c ./Core/Src/fsm.o
 .debug_macro   0x0000000000001341       0x22 ./Core/Src/fsm.o
 .debug_macro   0x0000000000001363       0xbd ./Core/Src/fsm.o
 .debug_macro   0x0000000000001420      0xd23 ./Core/Src/fsm.o
 .debug_macro   0x0000000000002143     0xe09e ./Core/Src/fsm.o
 .debug_macro   0x00000000000101e1       0x6d ./Core/Src/fsm.o
 .debug_macro   0x000000000001024e     0x3468 ./Core/Src/fsm.o
 .debug_macro   0x00000000000136b6      0x174 ./Core/Src/fsm.o
 .debug_macro   0x000000000001382a       0x5c ./Core/Src/fsm.o
 .debug_macro   0x0000000000013886      0x5be ./Core/Src/fsm.o
 .debug_macro   0x0000000000013e44      0x289 ./Core/Src/fsm.o
 .debug_macro   0x00000000000140cd      0x1cb ./Core/Src/fsm.o
 .debug_macro   0x0000000000014298      0x114 ./Core/Src/fsm.o
 .debug_macro   0x00000000000143ac      0x1b2 ./Core/Src/fsm.o
 .debug_macro   0x000000000001455e       0x27 ./Core/Src/fsm.o
 .debug_macro   0x0000000000014585      0x136 ./Core/Src/fsm.o
 .debug_macro   0x00000000000146bb      0x1bc ./Core/Src/fsm.o
 .debug_macro   0x0000000000014877       0x34 ./Core/Src/fsm.o
 .debug_macro   0x00000000000148ab       0x3c ./Core/Src/fsm.o
 .debug_macro   0x00000000000148e7       0x57 ./Core/Src/fsm.o
 .debug_macro   0x000000000001493e       0x88 ./Core/Src/fsm.o
 .debug_macro   0x00000000000149c6      0x241 ./Core/Src/fsm.o
 .debug_macro   0x0000000000014c07      0x287 ./Core/Src/fsm.o
 .debug_macro   0x0000000000014e8e      0x141 ./Core/Src/fsm.o
 .debug_macro   0x0000000000014fcf      0x8d1 ./Core/Src/fsm.o
 .debug_macro   0x00000000000158a0       0x83 ./Core/Src/fsm.o
 .debug_macro   0x0000000000015923       0xd0 ./Core/Src/fsm.o
 .debug_macro   0x00000000000159f3       0x1a ./Core/Src/global.o
 .debug_macro   0x0000000000015a0d      0x41c ./Core/Src/lcd.o
 .debug_macro   0x0000000000015e29       0x52 ./Core/Src/lcd.o
 .debug_macro   0x0000000000015e7b       0x18 ./Core/Src/lcd.o
 .debug_macro   0x0000000000015e93       0x3c ./Core/Src/lcd.o
 .debug_macro   0x0000000000015ecf       0x34 ./Core/Src/lcd.o
 .debug_macro   0x0000000000015f03       0x16 ./Core/Src/lcd.o
 .debug_macro   0x0000000000015f19       0x43 ./Core/Src/lcd.o
 .debug_macro   0x0000000000015f5c       0x34 ./Core/Src/lcd.o
 .debug_macro   0x0000000000015f90       0x10 ./Core/Src/lcd.o
 .debug_macro   0x0000000000015fa0       0x58 ./Core/Src/lcd.o
 .debug_macro   0x0000000000015ff8       0x71 ./Core/Src/lcd.o
 .debug_macro   0x0000000000016069       0x1c ./Core/Src/lcd.o
 .debug_macro   0x0000000000016085      0x12a ./Core/Src/lcd.o
 .debug_macro   0x00000000000161af      0x341 ./Core/Src/lcd.o
 .debug_macro   0x00000000000164f0      0x19b ./Core/Src/lcd.o
 .debug_macro   0x000000000001668b       0x1c ./Core/Src/lcd.o
 .debug_macro   0x00000000000166a7       0x35 ./Core/Src/lcd.o
 .debug_macro   0x00000000000166dc       0x10 ./Core/Src/lcd.o
 .debug_macro   0x00000000000166ec       0x10 ./Core/Src/lcd.o
 .debug_macro   0x00000000000166fc       0x1c ./Core/Src/lcd.o
 .debug_macro   0x0000000000016718       0x52 ./Core/Src/lcd.o
 .debug_macro   0x000000000001676a       0x22 ./Core/Src/lcd.o
 .debug_macro   0x000000000001678c       0x10 ./Core/Src/lcd.o
 .debug_macro   0x000000000001679c       0x52 ./Core/Src/lcd.o
 .debug_macro   0x00000000000167ee       0xd5 ./Core/Src/lcd.o
 .debug_macro   0x00000000000168c3       0x1c ./Core/Src/lcd.o
 .debug_macro   0x00000000000168df       0x3d ./Core/Src/lcd.o
 .debug_macro   0x000000000001691c       0x16 ./Core/Src/lcd.o
 .debug_macro   0x0000000000016932      0x145 ./Core/Src/lcd.o
 .debug_macro   0x0000000000016a77      0x1bc ./Core/Src/led-display.o
 .debug_macro   0x0000000000016c33      0x1f3 ./Core/Src/main.o
 .debug_macro   0x0000000000016e26       0x1b ./Core/Src/software_timer.o
 .debug_macro   0x0000000000016e41      0x1b2 ./Core/Src/stm32f1xx_hal_msp.o
 .debug_macro   0x0000000000016ff3      0x1bc ./Core/Src/stm32f1xx_it.o
 .debug_macro   0x00000000000171af      0x1a3 ./Core/Src/system_stm32f1xx.o
 .debug_macro   0x0000000000017352      0x1c7 ./Drivers/STM32F1xx_HAL_Driver/Src/stm32f1xx_hal.o
 .debug_macro   0x0000000000017519      0x1a3 ./Drivers/STM32F1xx_HAL_Driver/Src/stm32f1xx_hal_cortex.o
 .debug_macro   0x00000000000176bc      0x20e ./Drivers/STM32F1xx_HAL_Driver/Src/stm32f1xx_hal_gpio.o
 .debug_macro   0x00000000000178ca      0x1ea ./Drivers/STM32F1xx_HAL_Driver/Src/stm32f1xx_hal_i2c.o
 .debug_macro   0x0000000000017ab4      0x1b5 ./Drivers/STM32F1xx_HAL_Driver/Src/stm32f1xx_hal_rcc.o
 .debug_macro   0x0000000000017c69      0x1a4 ./Drivers/STM32F1xx_HAL_Driver/Src/stm32f1xx_hal_tim.o
 .debug_macro   0x0000000000017e0d      0x1a3 ./Drivers/STM32F1xx_HAL_Driver/Src/stm32f1xx_hal_tim_ex.o

.debug_line     0x0000000000000000     0xec7e
 .debug_line    0x0000000000000000      0x6fb ./Core/Src/fsm.o
 .debug_line    0x00000000000006fb       0x4d ./Core/Src/global.o
 .debug_line    0x0000000000000748      0xc82 ./Core/Src/lcd.o
 .debug_line    0x00000000000013ca      0x8cc ./Core/Src/led-display.o
 .debug_line    0x0000000000001c96      0x875 ./Core/Src/main.o
 .debug_line    0x000000000000250b       0xd7 ./Core/Src/software_timer.o
 .debug_line    0x00000000000025e2      0x732 ./Core/Src/stm32f1xx_hal_msp.o
 .debug_line    0x0000000000002d14      0x75b ./Core/Src/stm32f1xx_it.o
 .debug_line    0x000000000000346f      0x6ff ./Core/Src/system_stm32f1xx.o
 .debug_line    0x0000000000003b6e       0x87 ./Core/Startup/startup_stm32f103rbtx.o
 .debug_line    0x0000000000003bf5      0x92c ./Drivers/STM32F1xx_HAL_Driver/Src/stm32f1xx_hal.o
 .debug_line    0x0000000000004521      0xb14 ./Drivers/STM32F1xx_HAL_Driver/Src/stm32f1xx_hal_cortex.o
 .debug_line    0x0000000000005035      0x9c3 ./Drivers/STM32F1xx_HAL_Driver/Src/stm32f1xx_hal_gpio.o
 .debug_line    0x00000000000059f8     0x3a16 ./Drivers/STM32F1xx_HAL_Driver/Src/stm32f1xx_hal_i2c.o
 .debug_line    0x000000000000940e      0xd3a ./Drivers/STM32F1xx_HAL_Driver/Src/stm32f1xx_hal_rcc.o
 .debug_line    0x000000000000a148     0x32e2 ./Drivers/STM32F1xx_HAL_Driver/Src/stm32f1xx_hal_tim.o
 .debug_line    0x000000000000d42a     0x1854 ./Drivers/STM32F1xx_HAL_Driver/Src/stm32f1xx_hal_tim_ex.o

.debug_str      0x0000000000000000    0x8b499
 .debug_str     0x0000000000000000    0x83063 ./Core/Src/fsm.o
                                      0x83390 (size before relaxing)
 .debug_str     0x0000000000083063       0x28 ./Core/Src/global.o
                                       0x2d41 (size before relaxing)
 .debug_str     0x000000000008308b     0x4f08 ./Core/Src/lcd.o
                                      0x8821a (size before relaxing)
 .debug_str     0x0000000000087f93       0xf9 ./Core/Src/led-display.o
                                      0x833e3 (size before relaxing)
 .debug_str     0x000000000008808c      0x677 ./Core/Src/main.o
                                      0x83f62 (size before relaxing)
 .debug_str     0x0000000000088703       0x5d ./Core/Src/software_timer.o
                                       0x2d10 (size before relaxing)
 .debug_str     0x0000000000088760      0x371 ./Core/Src/stm32f1xx_hal_msp.o
                                      0x83e5a (size before relaxing)
 .debug_str     0x0000000000088ad1       0xec ./Core/Src/stm32f1xx_it.o
                                      0x83815 (size before relaxing)
 .debug_str     0x0000000000088bbd       0x7e ./Core/Src/system_stm32f1xx.o
                                      0x82fdd (size before relaxing)
 .debug_str     0x0000000000088c3b       0x36 ./Core/Startup/startup_stm32f103rbtx.o
                                         0x64 (size before relaxing)
 .debug_str     0x0000000000088c71      0x384 ./Drivers/STM32F1xx_HAL_Driver/Src/stm32f1xx_hal.o
                                      0x83710 (size before relaxing)
 .debug_str     0x0000000000088ff5      0x294 ./Drivers/STM32F1xx_HAL_Driver/Src/stm32f1xx_hal_cortex.o
                                      0x8365c (size before relaxing)
 .debug_str     0x0000000000089289      0x2e6 ./Drivers/STM32F1xx_HAL_Driver/Src/stm32f1xx_hal_gpio.o
                                      0x83363 (size before relaxing)
 .debug_str     0x000000000008956f      0xb70 ./Drivers/STM32F1xx_HAL_Driver/Src/stm32f1xx_hal_i2c.o
                                      0x84051 (size before relaxing)
 .debug_str     0x000000000008a0df      0x209 ./Drivers/STM32F1xx_HAL_Driver/Src/stm32f1xx_hal_rcc.o
                                      0x8340c (size before relaxing)
 .debug_str     0x000000000008a2e8      0xd1e ./Drivers/STM32F1xx_HAL_Driver/Src/stm32f1xx_hal_tim.o
                                      0x843f7 (size before relaxing)
 .debug_str     0x000000000008b006      0x493 ./Drivers/STM32F1xx_HAL_Driver/Src/stm32f1xx_hal_tim_ex.o
                                      0x83c13 (size before relaxing)

.comment        0x0000000000000000       0x50
 .comment       0x0000000000000000       0x50 ./Core/Src/fsm.o
                                         0x51 (size before relaxing)
 .comment       0x0000000000000050       0x51 ./Core/Src/global.o
 .comment       0x0000000000000050       0x51 ./Core/Src/lcd.o
 .comment       0x0000000000000050       0x51 ./Core/Src/led-display.o
 .comment       0x0000000000000050       0x51 ./Core/Src/main.o
 .comment       0x0000000000000050       0x51 ./Core/Src/software_timer.o
 .comment       0x0000000000000050       0x51 ./Core/Src/stm32f1xx_hal_msp.o
 .comment       0x0000000000000050       0x51 ./Core/Src/stm32f1xx_it.o
 .comment       0x0000000000000050       0x51 ./Core/Src/system_stm32f1xx.o
 .comment       0x0000000000000050       0x51 ./Drivers/STM32F1xx_HAL_Driver/Src/stm32f1xx_hal.o
 .comment       0x0000000000000050       0x51 ./Drivers/STM32F1xx_HAL_Driver/Src/stm32f1xx_hal_cortex.o
 .comment       0x0000000000000050       0x51 ./Drivers/STM32F1xx_HAL_Driver/Src/stm32f1xx_hal_gpio.o
 .comment       0x0000000000000050       0x51 ./Drivers/STM32F1xx_HAL_Driver/Src/stm32f1xx_hal_i2c.o
 .comment       0x0000000000000050       0x51 ./Drivers/STM32F1xx_HAL_Driver/Src/stm32f1xx_hal_rcc.o
 .comment       0x0000000000000050       0x51 ./Drivers/STM32F1xx_HAL_Driver/Src/stm32f1xx_hal_tim.o
 .comment       0x0000000000000050       0x51 ./Drivers/STM32F1xx_HAL_Driver/Src/stm32f1xx_hal_tim_ex.o

.debug_frame    0x0000000000000000     0x39b4
 .debug_frame   0x0000000000000000       0x2c ./Core/Src/fsm.o
 .debug_frame   0x000000000000002c      0x47c ./Core/Src/lcd.o
 .debug_frame   0x00000000000004a8      0x1dc ./Core/Src/led-display.o
 .debug_frame   0x0000000000000684       0xf0 ./Core/Src/main.o
 .debug_frame   0x0000000000000774       0x80 ./Core/Src/software_timer.o
 .debug_frame   0x00000000000007f4       0xec ./Core/Src/stm32f1xx_hal_msp.o
 .debug_frame   0x00000000000008e0      0x120 ./Core/Src/stm32f1xx_it.o
 .debug_frame   0x0000000000000a00       0x58 ./Core/Src/system_stm32f1xx.o
 .debug_frame   0x0000000000000a58      0x334 ./Drivers/STM32F1xx_HAL_Driver/Src/stm32f1xx_hal.o
 .debug_frame   0x0000000000000d8c      0x428 ./Drivers/STM32F1xx_HAL_Driver/Src/stm32f1xx_hal_cortex.o
 .debug_frame   0x00000000000011b4      0x14c ./Drivers/STM32F1xx_HAL_Driver/Src/stm32f1xx_hal_gpio.o
 .debug_frame   0x0000000000001300      0xc5c ./Drivers/STM32F1xx_HAL_Driver/Src/stm32f1xx_hal_i2c.o
 .debug_frame   0x0000000000001f5c      0x21c ./Drivers/STM32F1xx_HAL_Driver/Src/stm32f1xx_hal_rcc.o
 .debug_frame   0x0000000000002178     0x11b8 ./Drivers/STM32F1xx_HAL_Driver/Src/stm32f1xx_hal_tim.o
 .debug_frame   0x0000000000003330      0x638 ./Drivers/STM32F1xx_HAL_Driver/Src/stm32f1xx_hal_tim_ex.o
 .debug_frame   0x0000000000003968       0x2c d:/apps/stm32cubeide_1.11.0/stm32cubeide/plugins/com.st.stm32cube.ide.mcu.externaltools.gnu-tools-for-stm32.10.3-2021.10.win32_1.0.100.202210260954/tools/bin/../lib/gcc/arm-none-eabi/10.3.1/../../../../arm-none-eabi/lib/thumb/v7-m/nofp\libc_nano.a(lib_a-init.o)
 .debug_frame   0x0000000000003994       0x20 d:/apps/stm32cubeide_1.11.0/stm32cubeide/plugins/com.st.stm32cube.ide.mcu.externaltools.gnu-tools-for-stm32.10.3-2021.10.win32_1.0.100.202210260954/tools/bin/../lib/gcc/arm-none-eabi/10.3.1/../../../../arm-none-eabi/lib/thumb/v7-m/nofp\libc_nano.a(lib_a-memset.o)
