../Core/Src/lcd.c:112:6:LCD_Testing	24	static
../Core/Src/lcd.c:119:6:FaBoLCD_PCF8574	32	static
../Core/Src/lcd.c:133:6:init	4	static
../Core/Src/lcd.c:141:6:begin	16	static
../Core/Src/lcd.c:199:6:setRowOffsets	24	static
../Core/Src/lcd.c:212:6:clear	8	static
../Core/Src/lcd.c:221:6:home	8	static
../Core/Src/lcd.c:230:6:setCursor	24	static
../Core/Src/lcd.c:246:6:noDisplay	8	static
../Core/Src/lcd.c:254:6:display	8	static
../Core/Src/lcd.c:262:6:noCursor	8	static
../Core/Src/lcd.c:270:6:cursor	8	static
../Core/Src/lcd.c:278:6:noBlink	8	static
../Core/Src/lcd.c:286:6:blink	8	static
../Core/Src/lcd.c:294:6:scrollDisplayLeft	8	static
../Core/Src/lcd.c:301:6:scrollDisplayRight	8	static
../Core/Src/lcd.c:308:6:leftToRight	8	static
../Core/Src/lcd.c:316:6:rightToLeft	8	static
../Core/Src/lcd.c:324:6:autoscroll	8	static
../Core/Src/lcd.c:332:6:noAutoscroll	8	static
../Core/Src/lcd.c:340:6:createChar	24	static
../Core/Src/lcd.c:353:13:command	16	static
../Core/Src/lcd.c:360:16:write	16	static
../Core/Src/lcd.c:370:6:send	24	static
../Core/Src/lcd.c:380:6:pulseEnable	16	static
../Core/Src/lcd.c:392:6:write4bits	16	static
../Core/Src/lcd.c:400:6:writeI2c	32	static
../Core/Src/lcd.c:432:6:Lcd_Initialization	8	static
../Core/Src/lcd.c:437:6:Lcd_Send_Cmd	16	static
../Core/Src/lcd.c:442:6:Lcd_Send_Data	16	static
../Core/Src/lcd.c:449:6:Lcd_Send_String	16	static
../Core/Src/lcd.c:454:6:Lcd_Clear_Display	8	static
../Core/Src/lcd.c:459:6:Lcd_Goto_XY	16	static
../Core/Src/lcd.c:465:6:Show_Box_ID	32	static
../Core/Src/lcd.c:474:6:Show_KWH	40	static
