../Core/Src/led-display.c:11:6:latchEnable	8	static
../Core/Src/led-display.c:15:6:latchDisable	8	static
../Core/Src/led-display.c:19:6:outputEnable	8	static
../Core/Src/led-display.c:23:6:outputDisable	8	static
../Core/Src/led-display.c:27:6:clockON	8	static
../Core/Src/led-display.c:41:6:clockOFF	8	static
../Core/Src/led-display.c:45:6:dataOUT	16	static
../Core/Src/led-display.c:49:9:getBitValue	16	static
../Core/Src/led-display.c:67:6:Led_Display	24	static
../Core/Src/led-display.c:78:6:ledDisplay1	16	static
../Core/Src/led-display.c:90:6:ledDisplay2	16	static
../Core/Src/led-display.c:102:6:ledDisplay3	16	static
../Core/Src/led-display.c:114:6:ledDisplay4	16	static
../Core/Src/led-display.c:127:6:enableLedPannel	16	static
